MPLINK 4.44, Linker
Linker Map File - Created Tue Jan 06 17:53:27 2015

                                 Section Info
                  Section       Type    Address   Location Size(Bytes)
                ---------  ---------  ---------  ---------  ---------
               _entry_scn       code   0x000000    program   0x000006
           .code___init.o       code   0x000006    program   0x000002
              isrhighcode       code   0x000008    program   0x000006
                   .cinit    romdata   0x00000e    program   0x000026
             .code_main.o       code   0x000034    program   0x000e96
       .code_mid_aptina.o       code   0x000eca    program   0x00047c
        .code_interrupt.o       code   0x001346    program   0x000222
              .code_i2c.o       code   0x001568    program   0x0001c6
               .code_io.o       code   0x00172e    program   0x0000e0
               _cinit_scn       code   0x00180e    program   0x00009e
          .romdata_main.o    romdata   0x0018ac    program   0x000098
           .code_eusart.o       code   0x001944    program   0x00008e
            .code_uopen.o       code   0x0019d2    program   0x00008a
          .code_adcopen.o       code   0x001a5c    program   0x00007e
            .code_uputs.o       code   0x001ada    program   0x00004c
              .code_adc.o       code   0x001b26    program   0x000048
            .code_uread.o       code   0x001b6e    program   0x00003e
          .code_t0write.o       code   0x001bac    program   0x000038
           .code_t0open.o       code   0x001be4    program   0x000038
         .code_i2c_open.o       code   0x001c1c    program   0x000036
           .code_uwrite.o       code   0x001c52    program   0x00002e
           .code_timer2.o       code   0x001c80    program   0x000026
                    .code       code   0x001ca6    program   0x000020
             _startup_scn       code   0x001cc6    program   0x00001c
          .code_adcread.o       code   0x001ce2    program   0x000012
          .code_adcbusy.o       code   0x001cf4    program   0x00000a
          .code_adcconv.o       code   0x001cfe    program   0x000004
       .idata_t0write.o_i    romdata   0x001d02    program   0x000000
      .romdata_i2c_open.o    romdata   0x001d02    program   0x000000
         .romdata_udefs.o    romdata   0x001d02    program   0x000000
        .idata_t0open.o_i    romdata   0x001d02    program   0x000000
        .romdata_t0open.o    romdata   0x001d02    program   0x000000
        .romdata_uwrite.o    romdata   0x001d02    program   0x000000
       .romdata_t0write.o    romdata   0x001d02    program   0x000000
         .idata_udefs.o_i    romdata   0x001d02    program   0x000000
         .idata_uopen.o_i    romdata   0x001d02    program   0x000000
         .romdata_uputs.o    romdata   0x001d02    program   0x000000
         .romdata_uopen.o    romdata   0x001d02    program   0x000000
        .idata_uwrite.o_i    romdata   0x001d02    program   0x000000
         .idata_uputs.o_i    romdata   0x001d02    program   0x000000
       .romdata_adcread.o    romdata   0x001d02    program   0x000000
        .romdata___init.o    romdata   0x001d02    program   0x000000
         .romdata_uread.o    romdata   0x001d02    program   0x000000
         .idata_uread.o_i    romdata   0x001d02    program   0x000000
         .romdata_c018i.o    romdata   0x001d02    program   0x000000
          .idata_main.o_i    romdata   0x001d02    program   0x000030
             .stringtable    romdata   0x001d02    program   0x000000
    .idata_mid_aptina.o_i    romdata   0x001d02    program   0x000000
    .romdata_mid_aptina.o    romdata   0x001d02    program   0x000000
           .romdata_i2c.o    romdata   0x001d02    program   0x000000
        .idata_timer2.o_i    romdata   0x001d02    program   0x000000
        .romdata_timer2.o    romdata   0x001d02    program   0x000000
     .romdata_interrupt.o    romdata   0x001d02    program   0x000000
        .romdata_eusart.o    romdata   0x001d02    program   0x000000
            .romdata_io.o    romdata   0x001d02    program   0x000000
       .romdata_adcopen.o    romdata   0x001d02    program   0x000000
           .romdata_adc.o    romdata   0x001d02    program   0x000000
       .romdata_adcbusy.o    romdata   0x001d02    program   0x000000
       .romdata_adcconv.o    romdata   0x001d02    program   0x000000
            .idata_io.o_i    romdata   0x001d32    program   0x000000
     .idata_interrupt.o_i    romdata   0x001d32    program   0x000071
      .idata_i2c_open.o_i    romdata   0x001da3    program   0x000000
           .idata_i2c.o_i    romdata   0x001da3    program   0x000002
         .idata_c018i.o_i    romdata   0x001da5    program   0x000000
       .idata_adcopen.o_i    romdata   0x001da5    program   0x000000
        .idata___init.o_i    romdata   0x001da5    program   0x000000
       .idata_adcconv.o_i    romdata   0x001da5    program   0x000000
       .idata_adcbusy.o_i    romdata   0x001da5    program   0x000000
           .idata_adc.o_i    romdata   0x001da5    program   0x000000
        .idata_eusart.o_i    romdata   0x001da5    program   0x000000
       .idata_adcread.o_i    romdata   0x001da5    program   0x000000
            .code_udefs.o       code   0x001da6    program   0x000000
            .code_c018i.o       code   0x001da6    program   0x000000
    .config_300001_main.o    romdata   0x300001    program   0x000001
    .config_300002_main.o    romdata   0x300002    program   0x000001
    .config_300003_main.o    romdata   0x300003    program   0x000001
    .config_300006_main.o    romdata   0x300006    program   0x000001
                 .tmpdata      udata   0x000000       data   0x000004
             isr_high_tmp      udata   0x000004       data   0x000002
                MATH_DATA      udata   0x000006       data   0x000002
       .idata_interrupt.o      idata   0x000060       data   0x000071
           .udata_c018i.o      udata   0x0000d1       data   0x00000a
             .idata_i2c.o      idata   0x0000db       data   0x000002
           .udata_udefs.o      udata   0x0000dd       data   0x000001
         .idata_adcopen.o      idata   0x0000de       data   0x000000
        .udata_i2c_open.o      udata   0x0000de       data   0x000000
        .idata_i2c_open.o      idata   0x0000de       data   0x000000
          .udata_t0open.o      udata   0x0000de       data   0x000000
          .idata_t0open.o      idata   0x0000de       data   0x000000
           .udata_uopen.o      udata   0x0000de       data   0x000000
           .idata_uopen.o      idata   0x0000de       data   0x000000
         .udata_adcread.o      udata   0x0000de       data   0x000000
         .idata_adcread.o      idata   0x0000de       data   0x000000
           .udata_uread.o      udata   0x0000de       data   0x000000
           .idata_uread.o      idata   0x0000de       data   0x000000
           .idata_uputs.o      idata   0x0000de       data   0x000000
           .idata_udefs.o      idata   0x0000de       data   0x000000
         .udata_t0write.o      udata   0x0000de       data   0x000000
         .idata_t0write.o      idata   0x0000de       data   0x000000
          .udata_uwrite.o      udata   0x0000de       data   0x000000
          .idata_uwrite.o      idata   0x0000de       data   0x000000
          .udata___init.o      udata   0x0000de       data   0x000000
          .idata___init.o      idata   0x0000de       data   0x000000
           .udata_uputs.o      udata   0x0000de       data   0x000000
           .idata_c018i.o      idata   0x0000de       data   0x000000
            .udata_main.o      udata   0x0000de       data   0x000000
      .udata_mid_aptina.o      udata   0x0000de       data   0x000000
      .idata_mid_aptina.o      idata   0x0000de       data   0x000000
             .udata_i2c.o      udata   0x0000de       data   0x000000
          .udata_timer2.o      udata   0x0000de       data   0x000000
          .idata_timer2.o      idata   0x0000de       data   0x000000
       .udata_interrupt.o      udata   0x0000de       data   0x000000
          .udata_eusart.o      udata   0x0000de       data   0x000000
          .idata_eusart.o      idata   0x0000de       data   0x000000
              .udata_io.o      udata   0x0000de       data   0x000000
              .idata_io.o      idata   0x0000de       data   0x000000
             .udata_adc.o      udata   0x0000de       data   0x000000
             .idata_adc.o      idata   0x0000de       data   0x000000
         .udata_adcbusy.o      udata   0x0000de       data   0x000000
         .idata_adcbusy.o      idata   0x0000de       data   0x000000
         .udata_adcconv.o      udata   0x0000de       data   0x000000
         .idata_adcconv.o      idata   0x0000de       data   0x000000
         .udata_adcopen.o      udata   0x0000de       data   0x000000
                   .stack      udata   0x000400       data   0x000100
            .idata_main.o      idata   0x000500       data   0x000030
            SFR_UNBANKED0      udata   0x000f77       data   0x000089



                              Program Memory Usage 
                               Start         End      
                           ---------   ---------      
                            0x000000    0x001da4      
                            0x300001    0x300003      
                            0x300006    0x300006      
            7593 out of 33048 program addresses used, program memory utilization is 22%



                              Symbols - Sorted by Name
                     Name    Address   Location    Storage File                     
                ---------  ---------  ---------  --------- ---------                
               ASX340Read   0x001336    program     extern Z:\frank-icr-test\frank-ICR-rs232\mid_aptina.c
              ASX340_data   0x0018f4    program     extern Z:\frank-icr-test\frank-ICR-rs232\automachine_asx340_para.h
                ASX340_hi   0x0018d4    program     extern Z:\frank-icr-test\frank-ICR-rs232\automachine_asx340_para.h
                ASX340_lo   0x0018e4    program     extern Z:\frank-icr-test\frank-ICR-rs232\automachine_asx340_para.h
       ASX340_mirror_data   0x00192b    program     extern Z:\frank-icr-test\frank-ICR-rs232\automachine_asx340_para.h
         ASX340_mirror_hi   0x001921    program     extern Z:\frank-icr-test\frank-ICR-rs232\automachine_asx340_para.h
         ASX340_mirror_lo   0x001926    program     extern Z:\frank-icr-test\frank-ICR-rs232\automachine_asx340_para.h
        ASX340_mirror_num   0x001935    program     extern Z:\frank-icr-test\frank-ICR-rs232\automachine_asx340_para.h
    ASX340_no_mirror_data   0x00193a    program     extern Z:\frank-icr-test\frank-ICR-rs232\automachine_asx340_para.h
               ASX340_num   0x001911    program     extern Z:\frank-icr-test\frank-ICR-rs232\automachine_asx340_para.h
                  AdcRead   0x001b26    program     extern Z:\frank-icr-test\frank-ICR-rs232\adc.c
                  BusyADC   0x001cf4    program     extern D:\3.43\pic18-lt\cxx-framework\src\pmc_common\ADC\adcbusy.c
               ConvertADC   0x001cfe    program     extern D:\3.43\pic18-lt\cxx-framework\src\pmc_common\ADC\adcconv.c
             GetR232Value   0x000208    program     extern Z:\frank-icr-test\frank-ICR-rs232\main.c
                 I2CDelay   0x001568    program     static Z:\frank-icr-test\frank-ICR-rs232\i2c.c
                I2CDlyClr   0x001592    program     static Z:\frank-icr-test\frank-ICR-rs232\i2c.c
                 I2C_Done   0x0016fa    program     extern Z:\frank-icr-test\frank-ICR-rs232\i2c.c
                  IdleI2C   0x0015ca    program     extern Z:\frank-icr-test\frank-ICR-rs232\i2c.c
           Initialize_Adc   0x001b3c    program     static Z:\frank-icr-test\frank-ICR-rs232\adc.c
    Initialize_I2C_Master   0x001714    program     static Z:\frank-icr-test\frank-ICR-rs232\i2c.c
            Initialize_Io   0x0017ea    program     static Z:\frank-icr-test\frank-ICR-rs232\io.c
               McuAdcInit   0x001b6a    program     extern Z:\frank-icr-test\frank-ICR-rs232\adc.c
            McuEusartInit   0x0019ce    program     extern Z:\frank-icr-test\frank-ICR-rs232\eusart.c
              McuEusartWr   0x0019ac    program     extern Z:\frank-icr-test\frank-ICR-rs232\eusart.c
       McuGetUartFifoData   0x0013ae    program     extern Z:\frank-icr-test\frank-ICR-rs232\interrupt.c
       McuGetUartFifoFlag   0x0013b4    program     extern Z:\frank-icr-test\frank-ICR-rs232\interrupt.c
               McuI2CInit   0x00172a    program     extern Z:\frank-icr-test\frank-ICR-rs232\i2c.c
               McuIcrCtrl   0x0017be    program     extern Z:\frank-icr-test\frank-ICR-rs232\io.c
                  McuInit   0x000186    program     static Z:\frank-icr-test\frank-ICR-rs232\main.c
                McuIoInit   0x00180a    program     extern Z:\frank-icr-test\frank-ICR-rs232\io.c
            McuIrEmitCtrl   0x00172e    program     extern Z:\frank-icr-test\frank-ICR-rs232\io.c
           McuLedBlueCtrl   0x001786    program     extern Z:\frank-icr-test\frank-ICR-rs232\io.c
        McuLedReceiveCtrl   0x0017b2    program     extern Z:\frank-icr-test\frank-ICR-rs232\io.c
            McuLedRedCtrl   0x00175a    program     extern Z:\frank-icr-test\frank-ICR-rs232\io.c
             McuTimerInit   0x001ca2    program     extern Z:\frank-icr-test\frank-ICR-rs232\timer2.c
                NotAckI2C   0x001598    program     extern Z:\frank-icr-test\frank-ICR-rs232\i2c.c
                  OpenADC   0x001a5c    program     extern D:\3.43\pic18-lt\cxx-framework\src\pmc_common\ADC\adcopen.c
                  OpenI2C   0x001c1c    program     extern D:\3.43\pic18-lt\cxx-framework\src\pmc_common\i2c\i2c_open.c
               OpenTimer0   0x001be4    program     extern D:\3.43\pic18-lt\cxx-framework\src\pmc_common\Timers\t0open.c
                OpenUSART   0x0019d2    program     extern D:\3.43\pic18-lt\cxx-framework\src\pmc_common\USART\uopen.c
       RamWriteCmosConfig   0x0012e0    program     extern Z:\frank-icr-test\frank-ICR-rs232\mid_aptina.c
                  ReadADC   0x001ce2    program     extern D:\3.43\pic18-lt\cxx-framework\src\pmc_common\ADC\adcread.c
                  ReadI2C   0x0015e4    program     extern Z:\frank-icr-test\frank-ICR-rs232\i2c.c
                ReadUSART   0x001b6e    program     extern D:\3.43\pic18-lt\cxx-framework\src\pmc_common\USART\uread.c
               Send_CR_LF   0x001944    program     static Z:\frank-icr-test\frank-ICR-rs232\eusart.c
               SensorInit   0x000034    program     static Z:\frank-icr-test\frank-ICR-rs232\main.c
                 StartI2C   0x0015b6    program     extern Z:\frank-icr-test\frank-ICR-rs232\i2c.c
             StartIcrTest   0x000562    program     extern Z:\frank-icr-test\frank-ICR-rs232\main.c
                  StopI2C   0x0015a8    program     extern Z:\frank-icr-test\frank-ICR-rs232\i2c.c
               Time0Count   0x0013ba    program     extern Z:\frank-icr-test\frank-ICR-rs232\interrupt.c
               Time2Count   0x0013e4    program     extern Z:\frank-icr-test\frank-ICR-rs232\interrupt.c
               Timer0Init   0x001c80    program     static Z:\frank-icr-test\frank-ICR-rs232\timer2.c
          WriteCmosConfig   0x00128a    program     extern Z:\frank-icr-test\frank-ICR-rs232\mid_aptina.c
                 WriteI2C   0x00167c    program     extern Z:\frank-icr-test\frank-ICR-rs232\i2c.c
              WriteTimer0   0x001bac    program     extern D:\3.43\pic18-lt\cxx-framework\src\pmc_common\Timers\t0write.c
               WriteUSART   0x001c52    program     extern D:\3.43\pic18-lt\cxx-framework\src\pmc_common\USART\uwrite.c
       ___case_0_lbl00069   0x000bde    program     static                          
       ___case_1_lbl00070   0x000d0e    program     static                          
     ___case_201_lbl00073   0x000e7a    program     static                          
       ___case_2_lbl00071   0x000d86    program     static                          
       ___case_3_lbl00072   0x000e00    program     static                          
      ___default_lbl00074   0x000e7e    program     static                          
         ___else_lbl00004   0x000fd4    program     static                          
         ___else_lbl00006   0x00106c    program     static                          
         ___else_lbl00013   0x0011b0    program     static                          
         ___else_lbl00015   0x001246    program     static                          
         ___else_lbl00048   0x000552    program     static                          
         ___else_lbl00050   0x00053e    program     static                          
          ___for_lbl00001   0x001090    program     static                          
          ___for_lbl00002   0x00109c    program     static                          
          ___for_lbl00008   0x000ee6    program     static                          
          ___for_lbl00010   0x00126a    program     static                          
          ___for_lbl00011   0x001276    program     static                          
          ___for_lbl00017   0x0010cc    program     static                          
           ___if_lbl00001   0x001590    program     static                          
           ___if_lbl00003   0x000ffe    program     static                          
           ___if_lbl00005   0x00107e    program     static                          
           ___if_lbl00007   0x001090    program     static                          
           ___if_lbl00012   0x0011d8    program     static                          
           ___if_lbl00014   0x001258    program     static                          
           ___if_lbl00016   0x00126a    program     static                          
           ___if_lbl00047   0x000556    program     static                          
           ___if_lbl00049   0x000556    program     static                          
       ___return_lbl00000   0x000004    program     static                          
       ___return_lbl00000   0x00109c    program     static                          
       ___return_lbl00000   0x001590    program     static                          
       ___return_lbl00001   0x001ce0    program     static                          
       ___return_lbl00002   0x0018aa    program     static                          
       ___return_lbl00009   0x0015c8    program     static                          
       ___return_lbl00009   0x001276    program     static                          
       ___return_lbl00012   0x0015e2    program     static                          
       ___return_lbl00014   0x00000c    program     static                          
       ___return_lbl00044   0x000558    program     static                          
       ___return_lbl00049   0x001712    program     static                          
       ___return_lbl00063   0x000eb6    program     static                          
   ___switchexit_lbl00068   0x000e80    program     static                          
        ___while_lbl00010   0x0015b8    program     static                          
        ___while_lbl00011   0x0015c0    program     static                          
        ___while_lbl00013   0x0015ca    program     static                          
        ___while_lbl00014   0x0015da    program     static                          
        ___while_lbl00045   0x000514    program     static                          
        ___while_lbl00046   0x000558    program     static                          
        ___while_lbl00050   0x0016fa    program     static                          
        ___while_lbl00051   0x001708    program     static                          
        ___while_lbl00064   0x000b68    program     static                          
        ___while_lbl00065   0x000b7c    program     static                          
        ___while_lbl00066   0x000bb0    program     static                          
        ___while_lbl00067   0x000eb6    program     static                          
       __automachineclass   0x0018ac    program     extern Z:\frank-icr-test\frank-ICR-rs232\mid_api.h
               __config_0   0x300001    program     static Z:\frank-icr-test\frank-ICR-rs232\main.c
               __config_1   0x300002    program     static Z:\frank-icr-test\frank-ICR-rs232\main.c
               __config_2   0x300003    program     static Z:\frank-icr-test\frank-ICR-rs232\main.c
               __config_3   0x300006    program     static Z:\frank-icr-test\frank-ICR-rs232\main.c
                   __init   0x000006    program     extern D:\3.43\pic18-lt\cxx-framework\src\traditional\stdclib\__init.c
               __tmplbl_0   0x0015d6    program     static                          
               __tmplbl_1   0x0015d0    program     static                          
            __zero_memory   0x001ca6    program     extern D:\3.43\pic18-lt\cxx-framework\src\traditional\proc\p18f25k20.asm
                _do_cinit   0x00180e    program     extern D:\3.43\pic18-lt\cxx-framework\src\traditional\startup\c018i.c
                   _entry   0x000000    program     extern D:\3.43\pic18-lt\cxx-framework\src\traditional\startup\c018i.c
                 _startup   0x001cc6    program     extern D:\3.43\pic18-lt\cxx-framework\src\traditional\startup\c018i.c
                compare_l   0x001cbc    program     static D:\3.43\pic18-lt\cxx-framework\src\traditional\proc\p18f25k20.asm
                copy_loop   0x001880    program     static                          
            copy_one_byte   0x001886    program     static                          
         display_terminal   0x001962    program     static Z:\frank-icr-test\frank-ICR-rs232\eusart.c
                     done   0x0018aa    program     static                          
             done_copying   0x001894    program     static                          
       get_uart_fifo_data   0x001346    program     static Z:\frank-icr-test\frank-ICR-rs232\interrupt.c
       get_uart_fifo_flag   0x0013a4    program     static Z:\frank-icr-test\frank-ICR-rs232\interrupt.c
                  getsI2C   0x001606    program     extern Z:\frank-icr-test\frank-ICR-rs232\i2c.c
         initialize_usart   0x001988    program     static Z:\frank-icr-test\frank-ICR-rs232\eusart.c
                 isr_high   0x00140e    program     extern Z:\frank-icr-test\frank-ICR-rs232\interrupt.c
          isr_high_direct   0x000008    program     extern Z:\frank-icr-test\frank-ICR-rs232\interrupt.c
                     loop   0x001cd6    program     static                          
                   loop_h   0x001cb4    program     static D:\3.43\pic18-lt\cxx-framework\src\traditional\proc\p18f25k20.asm
                   loop_l   0x001cbe    program     static D:\3.43\pic18-lt\cxx-framework\src\traditional\proc\p18f25k20.asm
                     main   0x000ab6    program     extern Z:\frank-icr-test\frank-ICR-rs232\main.c
                putsUSART   0x001ada    program     extern D:\3.43\pic18-lt\cxx-framework\src\pmc_common\USART\uputs.c
     ram_write_cmos_value   0x0010b0    program     static Z:\frank-icr-test\frank-ICR-rs232\mid_aptina.c
                     test   0x001828    program     static                          
               wait_start   0x00050a    program     extern Z:\frank-icr-test\frank-ICR-rs232\main.c
         write_cmos_value   0x000eca    program     static Z:\frank-icr-test\frank-ICR-rs232\mid_aptina.c
               zero_block   0x001cb4    program     static D:\3.43\pic18-lt\cxx-framework\src\traditional\proc\p18f25k20.asm
                   ADCON0   0x000fc2       data     extern D:\3.43\pic18-lt\cxx-framework\src\traditional\proc\p18f25k20.asm
               ADCON0bits   0x000fc2       data     extern D:\3.43\pic18-lt\cxx-framework\src\traditional\proc\p18f25k20.asm
                   ADCON1   0x000fc1       data     extern D:\3.43\pic18-lt\cxx-framework\src\traditional\proc\p18f25k20.asm
               ADCON1bits   0x000fc1       data     extern D:\3.43\pic18-lt\cxx-framework\src\traditional\proc\p18f25k20.asm
                   ADCON2   0x000fc0       data     extern D:\3.43\pic18-lt\cxx-framework\src\traditional\proc\p18f25k20.asm
               ADCON2bits   0x000fc0       data     extern D:\3.43\pic18-lt\cxx-framework\src\traditional\proc\p18f25k20.asm
                    ADRES   0x000fc3       data     extern D:\3.43\pic18-lt\cxx-framework\src\traditional\proc\p18f25k20.asm
                   ADRESH   0x000fc4       data     extern D:\3.43\pic18-lt\cxx-framework\src\traditional\proc\p18f25k20.asm
                   ADRESL   0x000fc3       data     extern D:\3.43\pic18-lt\cxx-framework\src\traditional\proc\p18f25k20.asm
                    ANSEL   0x000f7e       data     extern D:\3.43\pic18-lt\cxx-framework\src\traditional\proc\p18f25k20.asm
                   ANSELH   0x000f7f       data     extern D:\3.43\pic18-lt\cxx-framework\src\traditional\proc\p18f25k20.asm
               ANSELHbits   0x000f7f       data     extern D:\3.43\pic18-lt\cxx-framework\src\traditional\proc\p18f25k20.asm
                ANSELbits   0x000f7e       data     extern D:\3.43\pic18-lt\cxx-framework\src\traditional\proc\p18f25k20.asm
                  BAUDCON   0x000fb8       data     extern D:\3.43\pic18-lt\cxx-framework\src\traditional\proc\p18f25k20.asm
              BAUDCONbits   0x000fb8       data     extern D:\3.43\pic18-lt\cxx-framework\src\traditional\proc\p18f25k20.asm
                  BAUDCTL   0x000fb8       data     extern D:\3.43\pic18-lt\cxx-framework\src\traditional\proc\p18f25k20.asm
              BAUDCTLbits   0x000fb8       data     extern D:\3.43\pic18-lt\cxx-framework\src\traditional\proc\p18f25k20.asm
                      BSR   0x000fe0       data     extern D:\3.43\pic18-lt\cxx-framework\src\traditional\proc\p18f25k20.asm
                  CCP1CON   0x000fbd       data     extern D:\3.43\pic18-lt\cxx-framework\src\traditional\proc\p18f25k20.asm
              CCP1CONbits   0x000fbd       data     extern D:\3.43\pic18-lt\cxx-framework\src\traditional\proc\p18f25k20.asm
                  CCP2CON   0x000fba       data     extern D:\3.43\pic18-lt\cxx-framework\src\traditional\proc\p18f25k20.asm
              CCP2CONbits   0x000fba       data     extern D:\3.43\pic18-lt\cxx-framework\src\traditional\proc\p18f25k20.asm
                    CCPR1   0x000fbe       data     extern D:\3.43\pic18-lt\cxx-framework\src\traditional\proc\p18f25k20.asm
                   CCPR1H   0x000fbf       data     extern D:\3.43\pic18-lt\cxx-framework\src\traditional\proc\p18f25k20.asm
                   CCPR1L   0x000fbe       data     extern D:\3.43\pic18-lt\cxx-framework\src\traditional\proc\p18f25k20.asm
                    CCPR2   0x000fbb       data     extern D:\3.43\pic18-lt\cxx-framework\src\traditional\proc\p18f25k20.asm
                   CCPR2H   0x000fbc       data     extern D:\3.43\pic18-lt\cxx-framework\src\traditional\proc\p18f25k20.asm
                   CCPR2L   0x000fbb       data     extern D:\3.43\pic18-lt\cxx-framework\src\traditional\proc\p18f25k20.asm
                  CM1CON0   0x000f7b       data     extern D:\3.43\pic18-lt\cxx-framework\src\traditional\proc\p18f25k20.asm
              CM1CON0bits   0x000f7b       data     extern D:\3.43\pic18-lt\cxx-framework\src\traditional\proc\p18f25k20.asm
                  CM2CON0   0x000f7a       data     extern D:\3.43\pic18-lt\cxx-framework\src\traditional\proc\p18f25k20.asm
              CM2CON0bits   0x000f7a       data     extern D:\3.43\pic18-lt\cxx-framework\src\traditional\proc\p18f25k20.asm
                  CM2CON1   0x000f79       data     extern D:\3.43\pic18-lt\cxx-framework\src\traditional\proc\p18f25k20.asm
              CM2CON1bits   0x000f79       data     extern D:\3.43\pic18-lt\cxx-framework\src\traditional\proc\p18f25k20.asm
                   CVRCON   0x000fb5       data     extern D:\3.43\pic18-lt\cxx-framework\src\traditional\proc\p18f25k20.asm
                  CVRCON2   0x000fb4       data     extern D:\3.43\pic18-lt\cxx-framework\src\traditional\proc\p18f25k20.asm
              CVRCON2bits   0x000fb4       data     extern D:\3.43\pic18-lt\cxx-framework\src\traditional\proc\p18f25k20.asm
               CVRCONbits   0x000fb5       data     extern D:\3.43\pic18-lt\cxx-framework\src\traditional\proc\p18f25k20.asm
                     DDRA   0x000f92       data     extern D:\3.43\pic18-lt\cxx-framework\src\traditional\proc\p18f25k20.asm
                 DDRAbits   0x000f92       data     extern D:\3.43\pic18-lt\cxx-framework\src\traditional\proc\p18f25k20.asm
                     DDRB   0x000f93       data     extern D:\3.43\pic18-lt\cxx-framework\src\traditional\proc\p18f25k20.asm
                 DDRBbits   0x000f93       data     extern D:\3.43\pic18-lt\cxx-framework\src\traditional\proc\p18f25k20.asm
                     DDRC   0x000f94       data     extern D:\3.43\pic18-lt\cxx-framework\src\traditional\proc\p18f25k20.asm
                 DDRCbits   0x000f94       data     extern D:\3.43\pic18-lt\cxx-framework\src\traditional\proc\p18f25k20.asm
                  ECCP1AS   0x000fb6       data     extern D:\3.43\pic18-lt\cxx-framework\src\traditional\proc\p18f25k20.asm
              ECCP1ASbits   0x000fb6       data     extern D:\3.43\pic18-lt\cxx-framework\src\traditional\proc\p18f25k20.asm
                    EEADR   0x000fa9       data     extern D:\3.43\pic18-lt\cxx-framework\src\traditional\proc\p18f25k20.asm
                EEADRbits   0x000fa9       data     extern D:\3.43\pic18-lt\cxx-framework\src\traditional\proc\p18f25k20.asm
                   EECON1   0x000fa6       data     extern D:\3.43\pic18-lt\cxx-framework\src\traditional\proc\p18f25k20.asm
               EECON1bits   0x000fa6       data     extern D:\3.43\pic18-lt\cxx-framework\src\traditional\proc\p18f25k20.asm
                   EECON2   0x000fa7       data     extern D:\3.43\pic18-lt\cxx-framework\src\traditional\proc\p18f25k20.asm
                   EEDATA   0x000fa8       data     extern D:\3.43\pic18-lt\cxx-framework\src\traditional\proc\p18f25k20.asm
                     FSR0   0x000fe9       data     extern D:\3.43\pic18-lt\cxx-framework\src\traditional\proc\p18f25k20.asm
                    FSR0H   0x000fea       data     extern D:\3.43\pic18-lt\cxx-framework\src\traditional\proc\p18f25k20.asm
                    FSR0L   0x000fe9       data     extern D:\3.43\pic18-lt\cxx-framework\src\traditional\proc\p18f25k20.asm
                     FSR1   0x000fe1       data     extern D:\3.43\pic18-lt\cxx-framework\src\traditional\proc\p18f25k20.asm
                    FSR1H   0x000fe2       data     extern D:\3.43\pic18-lt\cxx-framework\src\traditional\proc\p18f25k20.asm
                    FSR1L   0x000fe1       data     extern D:\3.43\pic18-lt\cxx-framework\src\traditional\proc\p18f25k20.asm
                     FSR2   0x000fd9       data     extern D:\3.43\pic18-lt\cxx-framework\src\traditional\proc\p18f25k20.asm
                    FSR2H   0x000fda       data     extern D:\3.43\pic18-lt\cxx-framework\src\traditional\proc\p18f25k20.asm
                    FSR2L   0x000fd9       data     extern D:\3.43\pic18-lt\cxx-framework\src\traditional\proc\p18f25k20.asm
                  HLVDCON   0x000fd2       data     extern D:\3.43\pic18-lt\cxx-framework\src\traditional\proc\p18f25k20.asm
              HLVDCONbits   0x000fd2       data     extern D:\3.43\pic18-lt\cxx-framework\src\traditional\proc\p18f25k20.asm
                    INDF0   0x000fef       data     extern D:\3.43\pic18-lt\cxx-framework\src\traditional\proc\p18f25k20.asm
                    INDF1   0x000fe7       data     extern D:\3.43\pic18-lt\cxx-framework\src\traditional\proc\p18f25k20.asm
                    INDF2   0x000fdf       data     extern D:\3.43\pic18-lt\cxx-framework\src\traditional\proc\p18f25k20.asm
                   INTCON   0x000ff2       data     extern D:\3.43\pic18-lt\cxx-framework\src\traditional\proc\p18f25k20.asm
                  INTCON2   0x000ff1       data     extern D:\3.43\pic18-lt\cxx-framework\src\traditional\proc\p18f25k20.asm
              INTCON2bits   0x000ff1       data     extern D:\3.43\pic18-lt\cxx-framework\src\traditional\proc\p18f25k20.asm
                  INTCON3   0x000ff0       data     extern D:\3.43\pic18-lt\cxx-framework\src\traditional\proc\p18f25k20.asm
              INTCON3bits   0x000ff0       data     extern D:\3.43\pic18-lt\cxx-framework\src\traditional\proc\p18f25k20.asm
               INTCONbits   0x000ff2       data     extern D:\3.43\pic18-lt\cxx-framework\src\traditional\proc\p18f25k20.asm
                     IOCB   0x000f7d       data     extern D:\3.43\pic18-lt\cxx-framework\src\traditional\proc\p18f25k20.asm
                 IOCBbits   0x000f7d       data     extern D:\3.43\pic18-lt\cxx-framework\src\traditional\proc\p18f25k20.asm
                     IPR1   0x000f9f       data     extern D:\3.43\pic18-lt\cxx-framework\src\traditional\proc\p18f25k20.asm
                 IPR1bits   0x000f9f       data     extern D:\3.43\pic18-lt\cxx-framework\src\traditional\proc\p18f25k20.asm
                     IPR2   0x000fa2       data     extern D:\3.43\pic18-lt\cxx-framework\src\traditional\proc\p18f25k20.asm
                 IPR2bits   0x000fa2       data     extern D:\3.43\pic18-lt\cxx-framework\src\traditional\proc\p18f25k20.asm
                     LATA   0x000f89       data     extern D:\3.43\pic18-lt\cxx-framework\src\traditional\proc\p18f25k20.asm
                 LATAbits   0x000f89       data     extern D:\3.43\pic18-lt\cxx-framework\src\traditional\proc\p18f25k20.asm
                     LATB   0x000f8a       data     extern D:\3.43\pic18-lt\cxx-framework\src\traditional\proc\p18f25k20.asm
                 LATBbits   0x000f8a       data     extern D:\3.43\pic18-lt\cxx-framework\src\traditional\proc\p18f25k20.asm
                     LATC   0x000f8b       data     extern D:\3.43\pic18-lt\cxx-framework\src\traditional\proc\p18f25k20.asm
                 LATCbits   0x000f8b       data     extern D:\3.43\pic18-lt\cxx-framework\src\traditional\proc\p18f25k20.asm
                   LVDCON   0x000fd2       data     extern D:\3.43\pic18-lt\cxx-framework\src\traditional\proc\p18f25k20.asm
               LVDCONbits   0x000fd2       data     extern D:\3.43\pic18-lt\cxx-framework\src\traditional\proc\p18f25k20.asm
             MSG_0_degree   0x000512       data     extern Z:\frank-icr-test\frank-ICR-rs232\main.c
           MSG_180_degree   0x00051c       data     extern Z:\frank-icr-test\frank-ICR-rs232\main.c
            MSG_90_degree   0x000517       data     extern Z:\frank-icr-test\frank-ICR-rs232\main.c
              MSG_AllTest   0x00050d       data     extern Z:\frank-icr-test\frank-ICR-rs232\main.c
               MSG_Finish   0x00052b       data     extern Z:\frank-icr-test\frank-ICR-rs232\main.c
                   MSG_Ng   0x000526       data     extern Z:\frank-icr-test\frank-ICR-rs232\main.c
                   MSG_Ok   0x000521       data     extern Z:\frank-icr-test\frank-ICR-rs232\main.c
                MSG_Start   0x000503       data     extern Z:\frank-icr-test\frank-ICR-rs232\main.c
                 MSG_init   0x000508       data     extern Z:\frank-icr-test\frank-ICR-rs232\main.c
                   OSCCON   0x000fd3       data     extern D:\3.43\pic18-lt\cxx-framework\src\traditional\proc\p18f25k20.asm
               OSCCONbits   0x000fd3       data     extern D:\3.43\pic18-lt\cxx-framework\src\traditional\proc\p18f25k20.asm
                  OSCTUNE   0x000f9b       data     extern D:\3.43\pic18-lt\cxx-framework\src\traditional\proc\p18f25k20.asm
              OSCTUNEbits   0x000f9b       data     extern D:\3.43\pic18-lt\cxx-framework\src\traditional\proc\p18f25k20.asm
                       PC   0x000ff9       data     extern D:\3.43\pic18-lt\cxx-framework\src\traditional\proc\p18f25k20.asm
                      PCL   0x000ff9       data     extern D:\3.43\pic18-lt\cxx-framework\src\traditional\proc\p18f25k20.asm
                   PCLATH   0x000ffa       data     extern D:\3.43\pic18-lt\cxx-framework\src\traditional\proc\p18f25k20.asm
                   PCLATU   0x000ffb       data     extern D:\3.43\pic18-lt\cxx-framework\src\traditional\proc\p18f25k20.asm
                     PIE1   0x000f9d       data     extern D:\3.43\pic18-lt\cxx-framework\src\traditional\proc\p18f25k20.asm
                 PIE1bits   0x000f9d       data     extern D:\3.43\pic18-lt\cxx-framework\src\traditional\proc\p18f25k20.asm
                     PIE2   0x000fa0       data     extern D:\3.43\pic18-lt\cxx-framework\src\traditional\proc\p18f25k20.asm
                 PIE2bits   0x000fa0       data     extern D:\3.43\pic18-lt\cxx-framework\src\traditional\proc\p18f25k20.asm
                     PIR1   0x000f9e       data     extern D:\3.43\pic18-lt\cxx-framework\src\traditional\proc\p18f25k20.asm
                 PIR1bits   0x000f9e       data     extern D:\3.43\pic18-lt\cxx-framework\src\traditional\proc\p18f25k20.asm
                     PIR2   0x000fa1       data     extern D:\3.43\pic18-lt\cxx-framework\src\traditional\proc\p18f25k20.asm
                 PIR2bits   0x000fa1       data     extern D:\3.43\pic18-lt\cxx-framework\src\traditional\proc\p18f25k20.asm
                   PLUSW0   0x000feb       data     extern D:\3.43\pic18-lt\cxx-framework\src\traditional\proc\p18f25k20.asm
                   PLUSW1   0x000fe3       data     extern D:\3.43\pic18-lt\cxx-framework\src\traditional\proc\p18f25k20.asm
                   PLUSW2   0x000fdb       data     extern D:\3.43\pic18-lt\cxx-framework\src\traditional\proc\p18f25k20.asm
                    PORTA   0x000f80       data     extern D:\3.43\pic18-lt\cxx-framework\src\traditional\proc\p18f25k20.asm
                PORTAbits   0x000f80       data     extern D:\3.43\pic18-lt\cxx-framework\src\traditional\proc\p18f25k20.asm
                    PORTB   0x000f81       data     extern D:\3.43\pic18-lt\cxx-framework\src\traditional\proc\p18f25k20.asm
                PORTBbits   0x000f81       data     extern D:\3.43\pic18-lt\cxx-framework\src\traditional\proc\p18f25k20.asm
                    PORTC   0x000f82       data     extern D:\3.43\pic18-lt\cxx-framework\src\traditional\proc\p18f25k20.asm
                PORTCbits   0x000f82       data     extern D:\3.43\pic18-lt\cxx-framework\src\traditional\proc\p18f25k20.asm
                    PORTE   0x000f84       data     extern D:\3.43\pic18-lt\cxx-framework\src\traditional\proc\p18f25k20.asm
                PORTEbits   0x000f84       data     extern D:\3.43\pic18-lt\cxx-framework\src\traditional\proc\p18f25k20.asm
                 POSTDEC0   0x000fed       data     extern D:\3.43\pic18-lt\cxx-framework\src\traditional\proc\p18f25k20.asm
                 POSTDEC1   0x000fe5       data     extern D:\3.43\pic18-lt\cxx-framework\src\traditional\proc\p18f25k20.asm
                 POSTDEC2   0x000fdd       data     extern D:\3.43\pic18-lt\cxx-framework\src\traditional\proc\p18f25k20.asm
                 POSTINC0   0x000fee       data     extern D:\3.43\pic18-lt\cxx-framework\src\traditional\proc\p18f25k20.asm
                 POSTINC1   0x000fe6       data     extern D:\3.43\pic18-lt\cxx-framework\src\traditional\proc\p18f25k20.asm
                 POSTINC2   0x000fde       data     extern D:\3.43\pic18-lt\cxx-framework\src\traditional\proc\p18f25k20.asm
                      PR2   0x000fcb       data     extern D:\3.43\pic18-lt\cxx-framework\src\traditional\proc\p18f25k20.asm
                  PREINC0   0x000fec       data     extern D:\3.43\pic18-lt\cxx-framework\src\traditional\proc\p18f25k20.asm
                  PREINC1   0x000fe4       data     extern D:\3.43\pic18-lt\cxx-framework\src\traditional\proc\p18f25k20.asm
                  PREINC2   0x000fdc       data     extern D:\3.43\pic18-lt\cxx-framework\src\traditional\proc\p18f25k20.asm
                     PROD   0x000ff3       data     extern D:\3.43\pic18-lt\cxx-framework\src\traditional\proc\p18f25k20.asm
                    PRODH   0x000ff4       data     extern D:\3.43\pic18-lt\cxx-framework\src\traditional\proc\p18f25k20.asm
                    PRODL   0x000ff3       data     extern D:\3.43\pic18-lt\cxx-framework\src\traditional\proc\p18f25k20.asm
                  PSTRCON   0x000fb9       data     extern D:\3.43\pic18-lt\cxx-framework\src\traditional\proc\p18f25k20.asm
              PSTRCONbits   0x000fb9       data     extern D:\3.43\pic18-lt\cxx-framework\src\traditional\proc\p18f25k20.asm
                  PWM1CON   0x000fb7       data     extern D:\3.43\pic18-lt\cxx-framework\src\traditional\proc\p18f25k20.asm
              PWM1CONbits   0x000fb7       data     extern D:\3.43\pic18-lt\cxx-framework\src\traditional\proc\p18f25k20.asm
                     RCON   0x000fd0       data     extern D:\3.43\pic18-lt\cxx-framework\src\traditional\proc\p18f25k20.asm
                 RCONbits   0x000fd0       data     extern D:\3.43\pic18-lt\cxx-framework\src\traditional\proc\p18f25k20.asm
                    RCREG   0x000fae       data     extern D:\3.43\pic18-lt\cxx-framework\src\traditional\proc\p18f25k20.asm
                    RCSTA   0x000fab       data     extern D:\3.43\pic18-lt\cxx-framework\src\traditional\proc\p18f25k20.asm
                RCSTAbits   0x000fab       data     extern D:\3.43\pic18-lt\cxx-framework\src\traditional\proc\p18f25k20.asm
                     SIGN   0x000006       data     extern D:\3.43\pic18-lt\cxx-framework\src\traditional\math\cmath18.asm
                   SLRCON   0x000f78       data     extern D:\3.43\pic18-lt\cxx-framework\src\traditional\proc\p18f25k20.asm
               SLRCONbits   0x000f78       data     extern D:\3.43\pic18-lt\cxx-framework\src\traditional\proc\p18f25k20.asm
                    SPBRG   0x000faf       data     extern D:\3.43\pic18-lt\cxx-framework\src\traditional\proc\p18f25k20.asm
                   SPBRGH   0x000fb0       data     extern D:\3.43\pic18-lt\cxx-framework\src\traditional\proc\p18f25k20.asm
                   SSPADD   0x000fc8       data     extern D:\3.43\pic18-lt\cxx-framework\src\traditional\proc\p18f25k20.asm
                   SSPBUF   0x000fc9       data     extern D:\3.43\pic18-lt\cxx-framework\src\traditional\proc\p18f25k20.asm
                  SSPCON1   0x000fc6       data     extern D:\3.43\pic18-lt\cxx-framework\src\traditional\proc\p18f25k20.asm
              SSPCON1bits   0x000fc6       data     extern D:\3.43\pic18-lt\cxx-framework\src\traditional\proc\p18f25k20.asm
                  SSPCON2   0x000fc5       data     extern D:\3.43\pic18-lt\cxx-framework\src\traditional\proc\p18f25k20.asm
              SSPCON2bits   0x000fc5       data     extern D:\3.43\pic18-lt\cxx-framework\src\traditional\proc\p18f25k20.asm
                   SSPMSK   0x000f77       data     extern D:\3.43\pic18-lt\cxx-framework\src\traditional\proc\p18f25k20.asm
               SSPMSKbits   0x000f77       data     extern D:\3.43\pic18-lt\cxx-framework\src\traditional\proc\p18f25k20.asm
                  SSPSTAT   0x000fc7       data     extern D:\3.43\pic18-lt\cxx-framework\src\traditional\proc\p18f25k20.asm
              SSPSTATbits   0x000fc7       data     extern D:\3.43\pic18-lt\cxx-framework\src\traditional\proc\p18f25k20.asm
                   STATUS   0x000fd8       data     extern D:\3.43\pic18-lt\cxx-framework\src\traditional\proc\p18f25k20.asm
               STATUSbits   0x000fd8       data     extern D:\3.43\pic18-lt\cxx-framework\src\traditional\proc\p18f25k20.asm
                   STKPTR   0x000ffc       data     extern D:\3.43\pic18-lt\cxx-framework\src\traditional\proc\p18f25k20.asm
               STKPTRbits   0x000ffc       data     extern D:\3.43\pic18-lt\cxx-framework\src\traditional\proc\p18f25k20.asm
                    T0CON   0x000fd5       data     extern D:\3.43\pic18-lt\cxx-framework\src\traditional\proc\p18f25k20.asm
                T0CONbits   0x000fd5       data     extern D:\3.43\pic18-lt\cxx-framework\src\traditional\proc\p18f25k20.asm
                    T1CON   0x000fcd       data     extern D:\3.43\pic18-lt\cxx-framework\src\traditional\proc\p18f25k20.asm
                T1CONbits   0x000fcd       data     extern D:\3.43\pic18-lt\cxx-framework\src\traditional\proc\p18f25k20.asm
                    T2CON   0x000fca       data     extern D:\3.43\pic18-lt\cxx-framework\src\traditional\proc\p18f25k20.asm
                T2CONbits   0x000fca       data     extern D:\3.43\pic18-lt\cxx-framework\src\traditional\proc\p18f25k20.asm
                    T3CON   0x000fb1       data     extern D:\3.43\pic18-lt\cxx-framework\src\traditional\proc\p18f25k20.asm
                T3CONbits   0x000fb1       data     extern D:\3.43\pic18-lt\cxx-framework\src\traditional\proc\p18f25k20.asm
                   TABLAT   0x000ff5       data     extern D:\3.43\pic18-lt\cxx-framework\src\traditional\proc\p18f25k20.asm
                   TBLPTR   0x000ff6       data     extern D:\3.43\pic18-lt\cxx-framework\src\traditional\proc\p18f25k20.asm
                  TBLPTRH   0x000ff7       data     extern D:\3.43\pic18-lt\cxx-framework\src\traditional\proc\p18f25k20.asm
                  TBLPTRL   0x000ff6       data     extern D:\3.43\pic18-lt\cxx-framework\src\traditional\proc\p18f25k20.asm
                  TBLPTRU   0x000ff8       data     extern D:\3.43\pic18-lt\cxx-framework\src\traditional\proc\p18f25k20.asm
                    TMR0H   0x000fd7       data     extern D:\3.43\pic18-lt\cxx-framework\src\traditional\proc\p18f25k20.asm
                    TMR0L   0x000fd6       data     extern D:\3.43\pic18-lt\cxx-framework\src\traditional\proc\p18f25k20.asm
                    TMR1H   0x000fcf       data     extern D:\3.43\pic18-lt\cxx-framework\src\traditional\proc\p18f25k20.asm
                    TMR1L   0x000fce       data     extern D:\3.43\pic18-lt\cxx-framework\src\traditional\proc\p18f25k20.asm
                     TMR2   0x000fcc       data     extern D:\3.43\pic18-lt\cxx-framework\src\traditional\proc\p18f25k20.asm
                    TMR3H   0x000fb3       data     extern D:\3.43\pic18-lt\cxx-framework\src\traditional\proc\p18f25k20.asm
                    TMR3L   0x000fb2       data     extern D:\3.43\pic18-lt\cxx-framework\src\traditional\proc\p18f25k20.asm
                      TOS   0x000ffd       data     extern D:\3.43\pic18-lt\cxx-framework\src\traditional\proc\p18f25k20.asm
                     TOSH   0x000ffe       data     extern D:\3.43\pic18-lt\cxx-framework\src\traditional\proc\p18f25k20.asm
                     TOSL   0x000ffd       data     extern D:\3.43\pic18-lt\cxx-framework\src\traditional\proc\p18f25k20.asm
                     TOSU   0x000fff       data     extern D:\3.43\pic18-lt\cxx-framework\src\traditional\proc\p18f25k20.asm
                    TRISA   0x000f92       data     extern D:\3.43\pic18-lt\cxx-framework\src\traditional\proc\p18f25k20.asm
                TRISAbits   0x000f92       data     extern D:\3.43\pic18-lt\cxx-framework\src\traditional\proc\p18f25k20.asm
                    TRISB   0x000f93       data     extern D:\3.43\pic18-lt\cxx-framework\src\traditional\proc\p18f25k20.asm
                TRISBbits   0x000f93       data     extern D:\3.43\pic18-lt\cxx-framework\src\traditional\proc\p18f25k20.asm
                    TRISC   0x000f94       data     extern D:\3.43\pic18-lt\cxx-framework\src\traditional\proc\p18f25k20.asm
                TRISCbits   0x000f94       data     extern D:\3.43\pic18-lt\cxx-framework\src\traditional\proc\p18f25k20.asm
                    TXREG   0x000fad       data     extern D:\3.43\pic18-lt\cxx-framework\src\traditional\proc\p18f25k20.asm
                    TXSTA   0x000fac       data     extern D:\3.43\pic18-lt\cxx-framework\src\traditional\proc\p18f25k20.asm
                TXSTAbits   0x000fac       data     extern D:\3.43\pic18-lt\cxx-framework\src\traditional\proc\p18f25k20.asm
             USART_Status   0x0000dd       data     extern D:\3.43\pic18-lt\cxx-framework\src\pmc_common\USART\udefs.c
                        W   0x000fe8       data     extern D:\3.43\pic18-lt\cxx-framework\src\traditional\proc\p18f25k20.asm
                   WDTCON   0x000fd1       data     extern D:\3.43\pic18-lt\cxx-framework\src\traditional\proc\p18f25k20.asm
               WDTCONbits   0x000fd1       data     extern D:\3.43\pic18-lt\cxx-framework\src\traditional\proc\p18f25k20.asm
                     WPUB   0x000f7c       data     extern D:\3.43\pic18-lt\cxx-framework\src\traditional\proc\p18f25k20.asm
                 WPUBbits   0x000f7c       data     extern D:\3.43\pic18-lt\cxx-framework\src\traditional\proc\p18f25k20.asm
                     WREG   0x000fe8       data     extern D:\3.43\pic18-lt\cxx-framework\src\traditional\proc\p18f25k20.asm
                __FPFLAGS   0x000007       data     extern D:\3.43\pic18-lt\cxx-framework\src\traditional\math\cmath18.asm
            __FPFLAGSbits   0x000007       data     extern D:\3.43\pic18-lt\cxx-framework\src\traditional\math\cmath18.asm
                  __tmp_0   0x000000       data     static D:\3.43\pic18-lt\cxx-framework\src\pmc_common\ADC\adcread.c
                  __tmp_0   0x000000       data     static D:\3.43\pic18-lt\cxx-framework\src\pmc_common\USART\uopen.c
                  __tmp_0   0x000000       data     static D:\3.43\pic18-lt\cxx-framework\src\pmc_common\ADC\adcopen.c
                  __tmp_0   0x000000       data     static Z:\frank-icr-test\frank-ICR-rs232\mid_aptina.c
                  __tmp_0   0x000000       data     static Z:\frank-icr-test\frank-ICR-rs232\main.c
                  __tmp_1   0x000004       data     static Z:\frank-icr-test\frank-ICR-rs232\interrupt.c
                    count   0x0000cf       data     static Z:\frank-icr-test\frank-ICR-rs232\interrupt.c
                curr_byte   0x0000d4       data     static D:\3.43\pic18-lt\cxx-framework\src\traditional\startup\c018i.c
               curr_entry   0x0000d6       data     static D:\3.43\pic18-lt\cxx-framework\src\traditional\startup\c018i.c
                 data_ptr   0x0000d8       data     static D:\3.43\pic18-lt\cxx-framework\src\traditional\startup\c018i.c
              gIcrDlyTime   0x000500       data     extern Z:\frank-icr-test\frank-ICR-rs232\main.c
                   gStart   0x000502       data     extern Z:\frank-icr-test\frank-ICR-rs232\main.c
                gTimeFalg   0x0000cc       data     static Z:\frank-icr-test\frank-ICR-rs232\interrupt.c
              gTimerCount   0x0000cd       data     static Z:\frank-icr-test\frank-ICR-rs232\interrupt.c
              i2c_dly_num   0x0000db       data     static Z:\frank-icr-test\frank-ICR-rs232\i2c.c
             i2c_dly_num1   0x0000dc       data     static Z:\frank-icr-test\frank-ICR-rs232\i2c.c
                     prom   0x0000d1       data     static D:\3.43\pic18-lt\cxx-framework\src\traditional\startup\c018i.c
                  rx_fifo   0x000060       data     extern Z:\frank-icr-test\frank-ICR-rs232\interrupt.c
                  tx_fifo   0x000096       data     extern Z:\frank-icr-test\frank-ICR-rs232\interrupt.c



                              Symbols - Sorted by Address
                     Name    Address   Location    Storage File                     
                ---------  ---------  ---------  --------- ---------                
                   _entry   0x000000    program     extern D:\3.43\pic18-lt\cxx-framework\src\traditional\startup\c018i.c
       ___return_lbl00000   0x000004    program     static                          
                   __init   0x000006    program     extern D:\3.43\pic18-lt\cxx-framework\src\traditional\stdclib\__init.c
          isr_high_direct   0x000008    program     extern Z:\frank-icr-test\frank-ICR-rs232\interrupt.c
       ___return_lbl00014   0x00000c    program     static                          
               SensorInit   0x000034    program     static Z:\frank-icr-test\frank-ICR-rs232\main.c
                  McuInit   0x000186    program     static Z:\frank-icr-test\frank-ICR-rs232\main.c
             GetR232Value   0x000208    program     extern Z:\frank-icr-test\frank-ICR-rs232\main.c
               wait_start   0x00050a    program     extern Z:\frank-icr-test\frank-ICR-rs232\main.c
        ___while_lbl00045   0x000514    program     static                          
         ___else_lbl00050   0x00053e    program     static                          
         ___else_lbl00048   0x000552    program     static                          
           ___if_lbl00049   0x000556    program     static                          
           ___if_lbl00047   0x000556    program     static                          
        ___while_lbl00046   0x000558    program     static                          
       ___return_lbl00044   0x000558    program     static                          
             StartIcrTest   0x000562    program     extern Z:\frank-icr-test\frank-ICR-rs232\main.c
                     main   0x000ab6    program     extern Z:\frank-icr-test\frank-ICR-rs232\main.c
        ___while_lbl00064   0x000b68    program     static                          
        ___while_lbl00065   0x000b7c    program     static                          
        ___while_lbl00066   0x000bb0    program     static                          
       ___case_0_lbl00069   0x000bde    program     static                          
       ___case_1_lbl00070   0x000d0e    program     static                          
       ___case_2_lbl00071   0x000d86    program     static                          
       ___case_3_lbl00072   0x000e00    program     static                          
     ___case_201_lbl00073   0x000e7a    program     static                          
      ___default_lbl00074   0x000e7e    program     static                          
   ___switchexit_lbl00068   0x000e80    program     static                          
       ___return_lbl00063   0x000eb6    program     static                          
        ___while_lbl00067   0x000eb6    program     static                          
         write_cmos_value   0x000eca    program     static Z:\frank-icr-test\frank-ICR-rs232\mid_aptina.c
          ___for_lbl00008   0x000ee6    program     static                          
         ___else_lbl00004   0x000fd4    program     static                          
           ___if_lbl00003   0x000ffe    program     static                          
         ___else_lbl00006   0x00106c    program     static                          
           ___if_lbl00005   0x00107e    program     static                          
          ___for_lbl00001   0x001090    program     static                          
           ___if_lbl00007   0x001090    program     static                          
          ___for_lbl00002   0x00109c    program     static                          
       ___return_lbl00000   0x00109c    program     static                          
     ram_write_cmos_value   0x0010b0    program     static Z:\frank-icr-test\frank-ICR-rs232\mid_aptina.c
          ___for_lbl00017   0x0010cc    program     static                          
         ___else_lbl00013   0x0011b0    program     static                          
           ___if_lbl00012   0x0011d8    program     static                          
         ___else_lbl00015   0x001246    program     static                          
           ___if_lbl00014   0x001258    program     static                          
          ___for_lbl00010   0x00126a    program     static                          
           ___if_lbl00016   0x00126a    program     static                          
          ___for_lbl00011   0x001276    program     static                          
       ___return_lbl00009   0x001276    program     static                          
          WriteCmosConfig   0x00128a    program     extern Z:\frank-icr-test\frank-ICR-rs232\mid_aptina.c
       RamWriteCmosConfig   0x0012e0    program     extern Z:\frank-icr-test\frank-ICR-rs232\mid_aptina.c
               ASX340Read   0x001336    program     extern Z:\frank-icr-test\frank-ICR-rs232\mid_aptina.c
       get_uart_fifo_data   0x001346    program     static Z:\frank-icr-test\frank-ICR-rs232\interrupt.c
       get_uart_fifo_flag   0x0013a4    program     static Z:\frank-icr-test\frank-ICR-rs232\interrupt.c
       McuGetUartFifoData   0x0013ae    program     extern Z:\frank-icr-test\frank-ICR-rs232\interrupt.c
       McuGetUartFifoFlag   0x0013b4    program     extern Z:\frank-icr-test\frank-ICR-rs232\interrupt.c
               Time0Count   0x0013ba    program     extern Z:\frank-icr-test\frank-ICR-rs232\interrupt.c
               Time2Count   0x0013e4    program     extern Z:\frank-icr-test\frank-ICR-rs232\interrupt.c
                 isr_high   0x00140e    program     extern Z:\frank-icr-test\frank-ICR-rs232\interrupt.c
                 I2CDelay   0x001568    program     static Z:\frank-icr-test\frank-ICR-rs232\i2c.c
           ___if_lbl00001   0x001590    program     static                          
       ___return_lbl00000   0x001590    program     static                          
                I2CDlyClr   0x001592    program     static Z:\frank-icr-test\frank-ICR-rs232\i2c.c
                NotAckI2C   0x001598    program     extern Z:\frank-icr-test\frank-ICR-rs232\i2c.c
                  StopI2C   0x0015a8    program     extern Z:\frank-icr-test\frank-ICR-rs232\i2c.c
                 StartI2C   0x0015b6    program     extern Z:\frank-icr-test\frank-ICR-rs232\i2c.c
        ___while_lbl00010   0x0015b8    program     static                          
        ___while_lbl00011   0x0015c0    program     static                          
       ___return_lbl00009   0x0015c8    program     static                          
        ___while_lbl00013   0x0015ca    program     static                          
                  IdleI2C   0x0015ca    program     extern Z:\frank-icr-test\frank-ICR-rs232\i2c.c
               __tmplbl_1   0x0015d0    program     static                          
               __tmplbl_0   0x0015d6    program     static                          
        ___while_lbl00014   0x0015da    program     static                          
       ___return_lbl00012   0x0015e2    program     static                          
                  ReadI2C   0x0015e4    program     extern Z:\frank-icr-test\frank-ICR-rs232\i2c.c
                  getsI2C   0x001606    program     extern Z:\frank-icr-test\frank-ICR-rs232\i2c.c
                 WriteI2C   0x00167c    program     extern Z:\frank-icr-test\frank-ICR-rs232\i2c.c
        ___while_lbl00050   0x0016fa    program     static                          
                 I2C_Done   0x0016fa    program     extern Z:\frank-icr-test\frank-ICR-rs232\i2c.c
        ___while_lbl00051   0x001708    program     static                          
       ___return_lbl00049   0x001712    program     static                          
    Initialize_I2C_Master   0x001714    program     static Z:\frank-icr-test\frank-ICR-rs232\i2c.c
               McuI2CInit   0x00172a    program     extern Z:\frank-icr-test\frank-ICR-rs232\i2c.c
            McuIrEmitCtrl   0x00172e    program     extern Z:\frank-icr-test\frank-ICR-rs232\io.c
            McuLedRedCtrl   0x00175a    program     extern Z:\frank-icr-test\frank-ICR-rs232\io.c
           McuLedBlueCtrl   0x001786    program     extern Z:\frank-icr-test\frank-ICR-rs232\io.c
        McuLedReceiveCtrl   0x0017b2    program     extern Z:\frank-icr-test\frank-ICR-rs232\io.c
               McuIcrCtrl   0x0017be    program     extern Z:\frank-icr-test\frank-ICR-rs232\io.c
            Initialize_Io   0x0017ea    program     static Z:\frank-icr-test\frank-ICR-rs232\io.c
                McuIoInit   0x00180a    program     extern Z:\frank-icr-test\frank-ICR-rs232\io.c
                _do_cinit   0x00180e    program     extern D:\3.43\pic18-lt\cxx-framework\src\traditional\startup\c018i.c
                     test   0x001828    program     static                          
                copy_loop   0x001880    program     static                          
            copy_one_byte   0x001886    program     static                          
             done_copying   0x001894    program     static                          
                     done   0x0018aa    program     static                          
       ___return_lbl00002   0x0018aa    program     static                          
       __automachineclass   0x0018ac    program     extern Z:\frank-icr-test\frank-ICR-rs232\mid_api.h
                ASX340_hi   0x0018d4    program     extern Z:\frank-icr-test\frank-ICR-rs232\automachine_asx340_para.h
                ASX340_lo   0x0018e4    program     extern Z:\frank-icr-test\frank-ICR-rs232\automachine_asx340_para.h
              ASX340_data   0x0018f4    program     extern Z:\frank-icr-test\frank-ICR-rs232\automachine_asx340_para.h
               ASX340_num   0x001911    program     extern Z:\frank-icr-test\frank-ICR-rs232\automachine_asx340_para.h
         ASX340_mirror_hi   0x001921    program     extern Z:\frank-icr-test\frank-ICR-rs232\automachine_asx340_para.h
         ASX340_mirror_lo   0x001926    program     extern Z:\frank-icr-test\frank-ICR-rs232\automachine_asx340_para.h
       ASX340_mirror_data   0x00192b    program     extern Z:\frank-icr-test\frank-ICR-rs232\automachine_asx340_para.h
        ASX340_mirror_num   0x001935    program     extern Z:\frank-icr-test\frank-ICR-rs232\automachine_asx340_para.h
    ASX340_no_mirror_data   0x00193a    program     extern Z:\frank-icr-test\frank-ICR-rs232\automachine_asx340_para.h
               Send_CR_LF   0x001944    program     static Z:\frank-icr-test\frank-ICR-rs232\eusart.c
         display_terminal   0x001962    program     static Z:\frank-icr-test\frank-ICR-rs232\eusart.c
         initialize_usart   0x001988    program     static Z:\frank-icr-test\frank-ICR-rs232\eusart.c
              McuEusartWr   0x0019ac    program     extern Z:\frank-icr-test\frank-ICR-rs232\eusart.c
            McuEusartInit   0x0019ce    program     extern Z:\frank-icr-test\frank-ICR-rs232\eusart.c
                OpenUSART   0x0019d2    program     extern D:\3.43\pic18-lt\cxx-framework\src\pmc_common\USART\uopen.c
                  OpenADC   0x001a5c    program     extern D:\3.43\pic18-lt\cxx-framework\src\pmc_common\ADC\adcopen.c
                putsUSART   0x001ada    program     extern D:\3.43\pic18-lt\cxx-framework\src\pmc_common\USART\uputs.c
                  AdcRead   0x001b26    program     extern Z:\frank-icr-test\frank-ICR-rs232\adc.c
           Initialize_Adc   0x001b3c    program     static Z:\frank-icr-test\frank-ICR-rs232\adc.c
               McuAdcInit   0x001b6a    program     extern Z:\frank-icr-test\frank-ICR-rs232\adc.c
                ReadUSART   0x001b6e    program     extern D:\3.43\pic18-lt\cxx-framework\src\pmc_common\USART\uread.c
              WriteTimer0   0x001bac    program     extern D:\3.43\pic18-lt\cxx-framework\src\pmc_common\Timers\t0write.c
               OpenTimer0   0x001be4    program     extern D:\3.43\pic18-lt\cxx-framework\src\pmc_common\Timers\t0open.c
                  OpenI2C   0x001c1c    program     extern D:\3.43\pic18-lt\cxx-framework\src\pmc_common\i2c\i2c_open.c
               WriteUSART   0x001c52    program     extern D:\3.43\pic18-lt\cxx-framework\src\pmc_common\USART\uwrite.c
               Timer0Init   0x001c80    program     static Z:\frank-icr-test\frank-ICR-rs232\timer2.c
             McuTimerInit   0x001ca2    program     extern Z:\frank-icr-test\frank-ICR-rs232\timer2.c
            __zero_memory   0x001ca6    program     extern D:\3.43\pic18-lt\cxx-framework\src\traditional\proc\p18f25k20.asm
               zero_block   0x001cb4    program     static D:\3.43\pic18-lt\cxx-framework\src\traditional\proc\p18f25k20.asm
                   loop_h   0x001cb4    program     static D:\3.43\pic18-lt\cxx-framework\src\traditional\proc\p18f25k20.asm
                compare_l   0x001cbc    program     static D:\3.43\pic18-lt\cxx-framework\src\traditional\proc\p18f25k20.asm
                   loop_l   0x001cbe    program     static D:\3.43\pic18-lt\cxx-framework\src\traditional\proc\p18f25k20.asm
                 _startup   0x001cc6    program     extern D:\3.43\pic18-lt\cxx-framework\src\traditional\startup\c018i.c
                     loop   0x001cd6    program     static                          
       ___return_lbl00001   0x001ce0    program     static                          
                  ReadADC   0x001ce2    program     extern D:\3.43\pic18-lt\cxx-framework\src\pmc_common\ADC\adcread.c
                  BusyADC   0x001cf4    program     extern D:\3.43\pic18-lt\cxx-framework\src\pmc_common\ADC\adcbusy.c
               ConvertADC   0x001cfe    program     extern D:\3.43\pic18-lt\cxx-framework\src\pmc_common\ADC\adcconv.c
               __config_0   0x300001    program     static Z:\frank-icr-test\frank-ICR-rs232\main.c
               __config_1   0x300002    program     static Z:\frank-icr-test\frank-ICR-rs232\main.c
               __config_2   0x300003    program     static Z:\frank-icr-test\frank-ICR-rs232\main.c
               __config_3   0x300006    program     static Z:\frank-icr-test\frank-ICR-rs232\main.c
                  __tmp_0   0x000000       data     static Z:\frank-icr-test\frank-ICR-rs232\main.c
                  __tmp_0   0x000000       data     static Z:\frank-icr-test\frank-ICR-rs232\mid_aptina.c
                  __tmp_0   0x000000       data     static D:\3.43\pic18-lt\cxx-framework\src\pmc_common\ADC\adcopen.c
                  __tmp_0   0x000000       data     static D:\3.43\pic18-lt\cxx-framework\src\pmc_common\USART\uopen.c
                  __tmp_0   0x000000       data     static D:\3.43\pic18-lt\cxx-framework\src\pmc_common\ADC\adcread.c
                  __tmp_1   0x000004       data     static Z:\frank-icr-test\frank-ICR-rs232\interrupt.c
                     SIGN   0x000006       data     extern D:\3.43\pic18-lt\cxx-framework\src\traditional\math\cmath18.asm
            __FPFLAGSbits   0x000007       data     extern D:\3.43\pic18-lt\cxx-framework\src\traditional\math\cmath18.asm
                __FPFLAGS   0x000007       data     extern D:\3.43\pic18-lt\cxx-framework\src\traditional\math\cmath18.asm
                  rx_fifo   0x000060       data     extern Z:\frank-icr-test\frank-ICR-rs232\interrupt.c
                  tx_fifo   0x000096       data     extern Z:\frank-icr-test\frank-ICR-rs232\interrupt.c
                gTimeFalg   0x0000cc       data     static Z:\frank-icr-test\frank-ICR-rs232\interrupt.c
              gTimerCount   0x0000cd       data     static Z:\frank-icr-test\frank-ICR-rs232\interrupt.c
                    count   0x0000cf       data     static Z:\frank-icr-test\frank-ICR-rs232\interrupt.c
                     prom   0x0000d1       data     static D:\3.43\pic18-lt\cxx-framework\src\traditional\startup\c018i.c
                curr_byte   0x0000d4       data     static D:\3.43\pic18-lt\cxx-framework\src\traditional\startup\c018i.c
               curr_entry   0x0000d6       data     static D:\3.43\pic18-lt\cxx-framework\src\traditional\startup\c018i.c
                 data_ptr   0x0000d8       data     static D:\3.43\pic18-lt\cxx-framework\src\traditional\startup\c018i.c
              i2c_dly_num   0x0000db       data     static Z:\frank-icr-test\frank-ICR-rs232\i2c.c
             i2c_dly_num1   0x0000dc       data     static Z:\frank-icr-test\frank-ICR-rs232\i2c.c
             USART_Status   0x0000dd       data     extern D:\3.43\pic18-lt\cxx-framework\src\pmc_common\USART\udefs.c
              gIcrDlyTime   0x000500       data     extern Z:\frank-icr-test\frank-ICR-rs232\main.c
                   gStart   0x000502       data     extern Z:\frank-icr-test\frank-ICR-rs232\main.c
                MSG_Start   0x000503       data     extern Z:\frank-icr-test\frank-ICR-rs232\main.c
                 MSG_init   0x000508       data     extern Z:\frank-icr-test\frank-ICR-rs232\main.c
              MSG_AllTest   0x00050d       data     extern Z:\frank-icr-test\frank-ICR-rs232\main.c
             MSG_0_degree   0x000512       data     extern Z:\frank-icr-test\frank-ICR-rs232\main.c
            MSG_90_degree   0x000517       data     extern Z:\frank-icr-test\frank-ICR-rs232\main.c
           MSG_180_degree   0x00051c       data     extern Z:\frank-icr-test\frank-ICR-rs232\main.c
                   MSG_Ok   0x000521       data     extern Z:\frank-icr-test\frank-ICR-rs232\main.c
                   MSG_Ng   0x000526       data     extern Z:\frank-icr-test\frank-ICR-rs232\main.c
               MSG_Finish   0x00052b       data     extern Z:\frank-icr-test\frank-ICR-rs232\main.c
               SSPMSKbits   0x000f77       data     extern D:\3.43\pic18-lt\cxx-framework\src\traditional\proc\p18f25k20.asm
                   SSPMSK   0x000f77       data     extern D:\3.43\pic18-lt\cxx-framework\src\traditional\proc\p18f25k20.asm
                   SLRCON   0x000f78       data     extern D:\3.43\pic18-lt\cxx-framework\src\traditional\proc\p18f25k20.asm
               SLRCONbits   0x000f78       data     extern D:\3.43\pic18-lt\cxx-framework\src\traditional\proc\p18f25k20.asm
              CM2CON1bits   0x000f79       data     extern D:\3.43\pic18-lt\cxx-framework\src\traditional\proc\p18f25k20.asm
                  CM2CON1   0x000f79       data     extern D:\3.43\pic18-lt\cxx-framework\src\traditional\proc\p18f25k20.asm
              CM2CON0bits   0x000f7a       data     extern D:\3.43\pic18-lt\cxx-framework\src\traditional\proc\p18f25k20.asm
                  CM2CON0   0x000f7a       data     extern D:\3.43\pic18-lt\cxx-framework\src\traditional\proc\p18f25k20.asm
              CM1CON0bits   0x000f7b       data     extern D:\3.43\pic18-lt\cxx-framework\src\traditional\proc\p18f25k20.asm
                  CM1CON0   0x000f7b       data     extern D:\3.43\pic18-lt\cxx-framework\src\traditional\proc\p18f25k20.asm
                 WPUBbits   0x000f7c       data     extern D:\3.43\pic18-lt\cxx-framework\src\traditional\proc\p18f25k20.asm
                     WPUB   0x000f7c       data     extern D:\3.43\pic18-lt\cxx-framework\src\traditional\proc\p18f25k20.asm
                     IOCB   0x000f7d       data     extern D:\3.43\pic18-lt\cxx-framework\src\traditional\proc\p18f25k20.asm
                 IOCBbits   0x000f7d       data     extern D:\3.43\pic18-lt\cxx-framework\src\traditional\proc\p18f25k20.asm
                    ANSEL   0x000f7e       data     extern D:\3.43\pic18-lt\cxx-framework\src\traditional\proc\p18f25k20.asm
                ANSELbits   0x000f7e       data     extern D:\3.43\pic18-lt\cxx-framework\src\traditional\proc\p18f25k20.asm
                   ANSELH   0x000f7f       data     extern D:\3.43\pic18-lt\cxx-framework\src\traditional\proc\p18f25k20.asm
               ANSELHbits   0x000f7f       data     extern D:\3.43\pic18-lt\cxx-framework\src\traditional\proc\p18f25k20.asm
                    PORTA   0x000f80       data     extern D:\3.43\pic18-lt\cxx-framework\src\traditional\proc\p18f25k20.asm
                PORTAbits   0x000f80       data     extern D:\3.43\pic18-lt\cxx-framework\src\traditional\proc\p18f25k20.asm
                PORTBbits   0x000f81       data     extern D:\3.43\pic18-lt\cxx-framework\src\traditional\proc\p18f25k20.asm
                    PORTB   0x000f81       data     extern D:\3.43\pic18-lt\cxx-framework\src\traditional\proc\p18f25k20.asm
                    PORTC   0x000f82       data     extern D:\3.43\pic18-lt\cxx-framework\src\traditional\proc\p18f25k20.asm
                PORTCbits   0x000f82       data     extern D:\3.43\pic18-lt\cxx-framework\src\traditional\proc\p18f25k20.asm
                    PORTE   0x000f84       data     extern D:\3.43\pic18-lt\cxx-framework\src\traditional\proc\p18f25k20.asm
                PORTEbits   0x000f84       data     extern D:\3.43\pic18-lt\cxx-framework\src\traditional\proc\p18f25k20.asm
                 LATAbits   0x000f89       data     extern D:\3.43\pic18-lt\cxx-framework\src\traditional\proc\p18f25k20.asm
                     LATA   0x000f89       data     extern D:\3.43\pic18-lt\cxx-framework\src\traditional\proc\p18f25k20.asm
                 LATBbits   0x000f8a       data     extern D:\3.43\pic18-lt\cxx-framework\src\traditional\proc\p18f25k20.asm
                     LATB   0x000f8a       data     extern D:\3.43\pic18-lt\cxx-framework\src\traditional\proc\p18f25k20.asm
                 LATCbits   0x000f8b       data     extern D:\3.43\pic18-lt\cxx-framework\src\traditional\proc\p18f25k20.asm
                     LATC   0x000f8b       data     extern D:\3.43\pic18-lt\cxx-framework\src\traditional\proc\p18f25k20.asm
                TRISAbits   0x000f92       data     extern D:\3.43\pic18-lt\cxx-framework\src\traditional\proc\p18f25k20.asm
                    TRISA   0x000f92       data     extern D:\3.43\pic18-lt\cxx-framework\src\traditional\proc\p18f25k20.asm
                 DDRAbits   0x000f92       data     extern D:\3.43\pic18-lt\cxx-framework\src\traditional\proc\p18f25k20.asm
                     DDRA   0x000f92       data     extern D:\3.43\pic18-lt\cxx-framework\src\traditional\proc\p18f25k20.asm
                    TRISB   0x000f93       data     extern D:\3.43\pic18-lt\cxx-framework\src\traditional\proc\p18f25k20.asm
                TRISBbits   0x000f93       data     extern D:\3.43\pic18-lt\cxx-framework\src\traditional\proc\p18f25k20.asm
                 DDRBbits   0x000f93       data     extern D:\3.43\pic18-lt\cxx-framework\src\traditional\proc\p18f25k20.asm
                     DDRB   0x000f93       data     extern D:\3.43\pic18-lt\cxx-framework\src\traditional\proc\p18f25k20.asm
                    TRISC   0x000f94       data     extern D:\3.43\pic18-lt\cxx-framework\src\traditional\proc\p18f25k20.asm
                 DDRCbits   0x000f94       data     extern D:\3.43\pic18-lt\cxx-framework\src\traditional\proc\p18f25k20.asm
                     DDRC   0x000f94       data     extern D:\3.43\pic18-lt\cxx-framework\src\traditional\proc\p18f25k20.asm
                TRISCbits   0x000f94       data     extern D:\3.43\pic18-lt\cxx-framework\src\traditional\proc\p18f25k20.asm
              OSCTUNEbits   0x000f9b       data     extern D:\3.43\pic18-lt\cxx-framework\src\traditional\proc\p18f25k20.asm
                  OSCTUNE   0x000f9b       data     extern D:\3.43\pic18-lt\cxx-framework\src\traditional\proc\p18f25k20.asm
                 PIE1bits   0x000f9d       data     extern D:\3.43\pic18-lt\cxx-framework\src\traditional\proc\p18f25k20.asm
                     PIE1   0x000f9d       data     extern D:\3.43\pic18-lt\cxx-framework\src\traditional\proc\p18f25k20.asm
                 PIR1bits   0x000f9e       data     extern D:\3.43\pic18-lt\cxx-framework\src\traditional\proc\p18f25k20.asm
                     PIR1   0x000f9e       data     extern D:\3.43\pic18-lt\cxx-framework\src\traditional\proc\p18f25k20.asm
                     IPR1   0x000f9f       data     extern D:\3.43\pic18-lt\cxx-framework\src\traditional\proc\p18f25k20.asm
                 IPR1bits   0x000f9f       data     extern D:\3.43\pic18-lt\cxx-framework\src\traditional\proc\p18f25k20.asm
                     PIE2   0x000fa0       data     extern D:\3.43\pic18-lt\cxx-framework\src\traditional\proc\p18f25k20.asm
                 PIE2bits   0x000fa0       data     extern D:\3.43\pic18-lt\cxx-framework\src\traditional\proc\p18f25k20.asm
                 PIR2bits   0x000fa1       data     extern D:\3.43\pic18-lt\cxx-framework\src\traditional\proc\p18f25k20.asm
                     PIR2   0x000fa1       data     extern D:\3.43\pic18-lt\cxx-framework\src\traditional\proc\p18f25k20.asm
                 IPR2bits   0x000fa2       data     extern D:\3.43\pic18-lt\cxx-framework\src\traditional\proc\p18f25k20.asm
                     IPR2   0x000fa2       data     extern D:\3.43\pic18-lt\cxx-framework\src\traditional\proc\p18f25k20.asm
               EECON1bits   0x000fa6       data     extern D:\3.43\pic18-lt\cxx-framework\src\traditional\proc\p18f25k20.asm
                   EECON1   0x000fa6       data     extern D:\3.43\pic18-lt\cxx-framework\src\traditional\proc\p18f25k20.asm
                   EECON2   0x000fa7       data     extern D:\3.43\pic18-lt\cxx-framework\src\traditional\proc\p18f25k20.asm
                   EEDATA   0x000fa8       data     extern D:\3.43\pic18-lt\cxx-framework\src\traditional\proc\p18f25k20.asm
                EEADRbits   0x000fa9       data     extern D:\3.43\pic18-lt\cxx-framework\src\traditional\proc\p18f25k20.asm
                    EEADR   0x000fa9       data     extern D:\3.43\pic18-lt\cxx-framework\src\traditional\proc\p18f25k20.asm
                    RCSTA   0x000fab       data     extern D:\3.43\pic18-lt\cxx-framework\src\traditional\proc\p18f25k20.asm
                RCSTAbits   0x000fab       data     extern D:\3.43\pic18-lt\cxx-framework\src\traditional\proc\p18f25k20.asm
                TXSTAbits   0x000fac       data     extern D:\3.43\pic18-lt\cxx-framework\src\traditional\proc\p18f25k20.asm
                    TXSTA   0x000fac       data     extern D:\3.43\pic18-lt\cxx-framework\src\traditional\proc\p18f25k20.asm
                    TXREG   0x000fad       data     extern D:\3.43\pic18-lt\cxx-framework\src\traditional\proc\p18f25k20.asm
                    RCREG   0x000fae       data     extern D:\3.43\pic18-lt\cxx-framework\src\traditional\proc\p18f25k20.asm
                    SPBRG   0x000faf       data     extern D:\3.43\pic18-lt\cxx-framework\src\traditional\proc\p18f25k20.asm
                   SPBRGH   0x000fb0       data     extern D:\3.43\pic18-lt\cxx-framework\src\traditional\proc\p18f25k20.asm
                T3CONbits   0x000fb1       data     extern D:\3.43\pic18-lt\cxx-framework\src\traditional\proc\p18f25k20.asm
                    T3CON   0x000fb1       data     extern D:\3.43\pic18-lt\cxx-framework\src\traditional\proc\p18f25k20.asm
                    TMR3L   0x000fb2       data     extern D:\3.43\pic18-lt\cxx-framework\src\traditional\proc\p18f25k20.asm
                    TMR3H   0x000fb3       data     extern D:\3.43\pic18-lt\cxx-framework\src\traditional\proc\p18f25k20.asm
              CVRCON2bits   0x000fb4       data     extern D:\3.43\pic18-lt\cxx-framework\src\traditional\proc\p18f25k20.asm
                  CVRCON2   0x000fb4       data     extern D:\3.43\pic18-lt\cxx-framework\src\traditional\proc\p18f25k20.asm
               CVRCONbits   0x000fb5       data     extern D:\3.43\pic18-lt\cxx-framework\src\traditional\proc\p18f25k20.asm
                   CVRCON   0x000fb5       data     extern D:\3.43\pic18-lt\cxx-framework\src\traditional\proc\p18f25k20.asm
              ECCP1ASbits   0x000fb6       data     extern D:\3.43\pic18-lt\cxx-framework\src\traditional\proc\p18f25k20.asm
                  ECCP1AS   0x000fb6       data     extern D:\3.43\pic18-lt\cxx-framework\src\traditional\proc\p18f25k20.asm
              PWM1CONbits   0x000fb7       data     extern D:\3.43\pic18-lt\cxx-framework\src\traditional\proc\p18f25k20.asm
                  PWM1CON   0x000fb7       data     extern D:\3.43\pic18-lt\cxx-framework\src\traditional\proc\p18f25k20.asm
                  BAUDCON   0x000fb8       data     extern D:\3.43\pic18-lt\cxx-framework\src\traditional\proc\p18f25k20.asm
              BAUDCONbits   0x000fb8       data     extern D:\3.43\pic18-lt\cxx-framework\src\traditional\proc\p18f25k20.asm
                  BAUDCTL   0x000fb8       data     extern D:\3.43\pic18-lt\cxx-framework\src\traditional\proc\p18f25k20.asm
              BAUDCTLbits   0x000fb8       data     extern D:\3.43\pic18-lt\cxx-framework\src\traditional\proc\p18f25k20.asm
                  PSTRCON   0x000fb9       data     extern D:\3.43\pic18-lt\cxx-framework\src\traditional\proc\p18f25k20.asm
              PSTRCONbits   0x000fb9       data     extern D:\3.43\pic18-lt\cxx-framework\src\traditional\proc\p18f25k20.asm
                  CCP2CON   0x000fba       data     extern D:\3.43\pic18-lt\cxx-framework\src\traditional\proc\p18f25k20.asm
              CCP2CONbits   0x000fba       data     extern D:\3.43\pic18-lt\cxx-framework\src\traditional\proc\p18f25k20.asm
                    CCPR2   0x000fbb       data     extern D:\3.43\pic18-lt\cxx-framework\src\traditional\proc\p18f25k20.asm
                   CCPR2L   0x000fbb       data     extern D:\3.43\pic18-lt\cxx-framework\src\traditional\proc\p18f25k20.asm
                   CCPR2H   0x000fbc       data     extern D:\3.43\pic18-lt\cxx-framework\src\traditional\proc\p18f25k20.asm
              CCP1CONbits   0x000fbd       data     extern D:\3.43\pic18-lt\cxx-framework\src\traditional\proc\p18f25k20.asm
                  CCP1CON   0x000fbd       data     extern D:\3.43\pic18-lt\cxx-framework\src\traditional\proc\p18f25k20.asm
                    CCPR1   0x000fbe       data     extern D:\3.43\pic18-lt\cxx-framework\src\traditional\proc\p18f25k20.asm
                   CCPR1L   0x000fbe       data     extern D:\3.43\pic18-lt\cxx-framework\src\traditional\proc\p18f25k20.asm
                   CCPR1H   0x000fbf       data     extern D:\3.43\pic18-lt\cxx-framework\src\traditional\proc\p18f25k20.asm
               ADCON2bits   0x000fc0       data     extern D:\3.43\pic18-lt\cxx-framework\src\traditional\proc\p18f25k20.asm
                   ADCON2   0x000fc0       data     extern D:\3.43\pic18-lt\cxx-framework\src\traditional\proc\p18f25k20.asm
               ADCON1bits   0x000fc1       data     extern D:\3.43\pic18-lt\cxx-framework\src\traditional\proc\p18f25k20.asm
                   ADCON1   0x000fc1       data     extern D:\3.43\pic18-lt\cxx-framework\src\traditional\proc\p18f25k20.asm
                   ADCON0   0x000fc2       data     extern D:\3.43\pic18-lt\cxx-framework\src\traditional\proc\p18f25k20.asm
               ADCON0bits   0x000fc2       data     extern D:\3.43\pic18-lt\cxx-framework\src\traditional\proc\p18f25k20.asm
                    ADRES   0x000fc3       data     extern D:\3.43\pic18-lt\cxx-framework\src\traditional\proc\p18f25k20.asm
                   ADRESL   0x000fc3       data     extern D:\3.43\pic18-lt\cxx-framework\src\traditional\proc\p18f25k20.asm
                   ADRESH   0x000fc4       data     extern D:\3.43\pic18-lt\cxx-framework\src\traditional\proc\p18f25k20.asm
                  SSPCON2   0x000fc5       data     extern D:\3.43\pic18-lt\cxx-framework\src\traditional\proc\p18f25k20.asm
              SSPCON2bits   0x000fc5       data     extern D:\3.43\pic18-lt\cxx-framework\src\traditional\proc\p18f25k20.asm
              SSPCON1bits   0x000fc6       data     extern D:\3.43\pic18-lt\cxx-framework\src\traditional\proc\p18f25k20.asm
                  SSPCON1   0x000fc6       data     extern D:\3.43\pic18-lt\cxx-framework\src\traditional\proc\p18f25k20.asm
              SSPSTATbits   0x000fc7       data     extern D:\3.43\pic18-lt\cxx-framework\src\traditional\proc\p18f25k20.asm
                  SSPSTAT   0x000fc7       data     extern D:\3.43\pic18-lt\cxx-framework\src\traditional\proc\p18f25k20.asm
                   SSPADD   0x000fc8       data     extern D:\3.43\pic18-lt\cxx-framework\src\traditional\proc\p18f25k20.asm
                   SSPBUF   0x000fc9       data     extern D:\3.43\pic18-lt\cxx-framework\src\traditional\proc\p18f25k20.asm
                    T2CON   0x000fca       data     extern D:\3.43\pic18-lt\cxx-framework\src\traditional\proc\p18f25k20.asm
                T2CONbits   0x000fca       data     extern D:\3.43\pic18-lt\cxx-framework\src\traditional\proc\p18f25k20.asm
                      PR2   0x000fcb       data     extern D:\3.43\pic18-lt\cxx-framework\src\traditional\proc\p18f25k20.asm
                     TMR2   0x000fcc       data     extern D:\3.43\pic18-lt\cxx-framework\src\traditional\proc\p18f25k20.asm
                T1CONbits   0x000fcd       data     extern D:\3.43\pic18-lt\cxx-framework\src\traditional\proc\p18f25k20.asm
                    T1CON   0x000fcd       data     extern D:\3.43\pic18-lt\cxx-framework\src\traditional\proc\p18f25k20.asm
                    TMR1L   0x000fce       data     extern D:\3.43\pic18-lt\cxx-framework\src\traditional\proc\p18f25k20.asm
                    TMR1H   0x000fcf       data     extern D:\3.43\pic18-lt\cxx-framework\src\traditional\proc\p18f25k20.asm
                 RCONbits   0x000fd0       data     extern D:\3.43\pic18-lt\cxx-framework\src\traditional\proc\p18f25k20.asm
                     RCON   0x000fd0       data     extern D:\3.43\pic18-lt\cxx-framework\src\traditional\proc\p18f25k20.asm
               WDTCONbits   0x000fd1       data     extern D:\3.43\pic18-lt\cxx-framework\src\traditional\proc\p18f25k20.asm
                   WDTCON   0x000fd1       data     extern D:\3.43\pic18-lt\cxx-framework\src\traditional\proc\p18f25k20.asm
                  HLVDCON   0x000fd2       data     extern D:\3.43\pic18-lt\cxx-framework\src\traditional\proc\p18f25k20.asm
               LVDCONbits   0x000fd2       data     extern D:\3.43\pic18-lt\cxx-framework\src\traditional\proc\p18f25k20.asm
                   LVDCON   0x000fd2       data     extern D:\3.43\pic18-lt\cxx-framework\src\traditional\proc\p18f25k20.asm
              HLVDCONbits   0x000fd2       data     extern D:\3.43\pic18-lt\cxx-framework\src\traditional\proc\p18f25k20.asm
               OSCCONbits   0x000fd3       data     extern D:\3.43\pic18-lt\cxx-framework\src\traditional\proc\p18f25k20.asm
                   OSCCON   0x000fd3       data     extern D:\3.43\pic18-lt\cxx-framework\src\traditional\proc\p18f25k20.asm
                    T0CON   0x000fd5       data     extern D:\3.43\pic18-lt\cxx-framework\src\traditional\proc\p18f25k20.asm
                T0CONbits   0x000fd5       data     extern D:\3.43\pic18-lt\cxx-framework\src\traditional\proc\p18f25k20.asm
                    TMR0L   0x000fd6       data     extern D:\3.43\pic18-lt\cxx-framework\src\traditional\proc\p18f25k20.asm
                    TMR0H   0x000fd7       data     extern D:\3.43\pic18-lt\cxx-framework\src\traditional\proc\p18f25k20.asm
               STATUSbits   0x000fd8       data     extern D:\3.43\pic18-lt\cxx-framework\src\traditional\proc\p18f25k20.asm
                   STATUS   0x000fd8       data     extern D:\3.43\pic18-lt\cxx-framework\src\traditional\proc\p18f25k20.asm
                    FSR2L   0x000fd9       data     extern D:\3.43\pic18-lt\cxx-framework\src\traditional\proc\p18f25k20.asm
                     FSR2   0x000fd9       data     extern D:\3.43\pic18-lt\cxx-framework\src\traditional\proc\p18f25k20.asm
                    FSR2H   0x000fda       data     extern D:\3.43\pic18-lt\cxx-framework\src\traditional\proc\p18f25k20.asm
                   PLUSW2   0x000fdb       data     extern D:\3.43\pic18-lt\cxx-framework\src\traditional\proc\p18f25k20.asm
                  PREINC2   0x000fdc       data     extern D:\3.43\pic18-lt\cxx-framework\src\traditional\proc\p18f25k20.asm
                 POSTDEC2   0x000fdd       data     extern D:\3.43\pic18-lt\cxx-framework\src\traditional\proc\p18f25k20.asm
                 POSTINC2   0x000fde       data     extern D:\3.43\pic18-lt\cxx-framework\src\traditional\proc\p18f25k20.asm
                    INDF2   0x000fdf       data     extern D:\3.43\pic18-lt\cxx-framework\src\traditional\proc\p18f25k20.asm
                      BSR   0x000fe0       data     extern D:\3.43\pic18-lt\cxx-framework\src\traditional\proc\p18f25k20.asm
                     FSR1   0x000fe1       data     extern D:\3.43\pic18-lt\cxx-framework\src\traditional\proc\p18f25k20.asm
                    FSR1L   0x000fe1       data     extern D:\3.43\pic18-lt\cxx-framework\src\traditional\proc\p18f25k20.asm
                    FSR1H   0x000fe2       data     extern D:\3.43\pic18-lt\cxx-framework\src\traditional\proc\p18f25k20.asm
                   PLUSW1   0x000fe3       data     extern D:\3.43\pic18-lt\cxx-framework\src\traditional\proc\p18f25k20.asm
                  PREINC1   0x000fe4       data     extern D:\3.43\pic18-lt\cxx-framework\src\traditional\proc\p18f25k20.asm
                 POSTDEC1   0x000fe5       data     extern D:\3.43\pic18-lt\cxx-framework\src\traditional\proc\p18f25k20.asm
                 POSTINC1   0x000fe6       data     extern D:\3.43\pic18-lt\cxx-framework\src\traditional\proc\p18f25k20.asm
                    INDF1   0x000fe7       data     extern D:\3.43\pic18-lt\cxx-framework\src\traditional\proc\p18f25k20.asm
                     WREG   0x000fe8       data     extern D:\3.43\pic18-lt\cxx-framework\src\traditional\proc\p18f25k20.asm
                        W   0x000fe8       data     extern D:\3.43\pic18-lt\cxx-framework\src\traditional\proc\p18f25k20.asm
                     FSR0   0x000fe9       data     extern D:\3.43\pic18-lt\cxx-framework\src\traditional\proc\p18f25k20.asm
                    FSR0L   0x000fe9       data     extern D:\3.43\pic18-lt\cxx-framework\src\traditional\proc\p18f25k20.asm
                    FSR0H   0x000fea       data     extern D:\3.43\pic18-lt\cxx-framework\src\traditional\proc\p18f25k20.asm
                   PLUSW0   0x000feb       data     extern D:\3.43\pic18-lt\cxx-framework\src\traditional\proc\p18f25k20.asm
                  PREINC0   0x000fec       data     extern D:\3.43\pic18-lt\cxx-framework\src\traditional\proc\p18f25k20.asm
                 POSTDEC0   0x000fed       data     extern D:\3.43\pic18-lt\cxx-framework\src\traditional\proc\p18f25k20.asm
                 POSTINC0   0x000fee       data     extern D:\3.43\pic18-lt\cxx-framework\src\traditional\proc\p18f25k20.asm
                    INDF0   0x000fef       data     extern D:\3.43\pic18-lt\cxx-framework\src\traditional\proc\p18f25k20.asm
              INTCON3bits   0x000ff0       data     extern D:\3.43\pic18-lt\cxx-framework\src\traditional\proc\p18f25k20.asm
                  INTCON3   0x000ff0       data     extern D:\3.43\pic18-lt\cxx-framework\src\traditional\proc\p18f25k20.asm
              INTCON2bits   0x000ff1       data     extern D:\3.43\pic18-lt\cxx-framework\src\traditional\proc\p18f25k20.asm
                  INTCON2   0x000ff1       data     extern D:\3.43\pic18-lt\cxx-framework\src\traditional\proc\p18f25k20.asm
               INTCONbits   0x000ff2       data     extern D:\3.43\pic18-lt\cxx-framework\src\traditional\proc\p18f25k20.asm
                   INTCON   0x000ff2       data     extern D:\3.43\pic18-lt\cxx-framework\src\traditional\proc\p18f25k20.asm
                    PRODL   0x000ff3       data     extern D:\3.43\pic18-lt\cxx-framework\src\traditional\proc\p18f25k20.asm
                     PROD   0x000ff3       data     extern D:\3.43\pic18-lt\cxx-framework\src\traditional\proc\p18f25k20.asm
                    PRODH   0x000ff4       data     extern D:\3.43\pic18-lt\cxx-framework\src\traditional\proc\p18f25k20.asm
                   TABLAT   0x000ff5       data     extern D:\3.43\pic18-lt\cxx-framework\src\traditional\proc\p18f25k20.asm
                  TBLPTRL   0x000ff6       data     extern D:\3.43\pic18-lt\cxx-framework\src\traditional\proc\p18f25k20.asm
                   TBLPTR   0x000ff6       data     extern D:\3.43\pic18-lt\cxx-framework\src\traditional\proc\p18f25k20.asm
                  TBLPTRH   0x000ff7       data     extern D:\3.43\pic18-lt\cxx-framework\src\traditional\proc\p18f25k20.asm
                  TBLPTRU   0x000ff8       data     extern D:\3.43\pic18-lt\cxx-framework\src\traditional\proc\p18f25k20.asm
                       PC   0x000ff9       data     extern D:\3.43\pic18-lt\cxx-framework\src\traditional\proc\p18f25k20.asm
                      PCL   0x000ff9       data     extern D:\3.43\pic18-lt\cxx-framework\src\traditional\proc\p18f25k20.asm
                   PCLATH   0x000ffa       data     extern D:\3.43\pic18-lt\cxx-framework\src\traditional\proc\p18f25k20.asm
                   PCLATU   0x000ffb       data     extern D:\3.43\pic18-lt\cxx-framework\src\traditional\proc\p18f25k20.asm
               STKPTRbits   0x000ffc       data     extern D:\3.43\pic18-lt\cxx-framework\src\traditional\proc\p18f25k20.asm
                   STKPTR   0x000ffc       data     extern D:\3.43\pic18-lt\cxx-framework\src\traditional\proc\p18f25k20.asm
                     TOSL   0x000ffd       data     extern D:\3.43\pic18-lt\cxx-framework\src\traditional\proc\p18f25k20.asm
                      TOS   0x000ffd       data     extern D:\3.43\pic18-lt\cxx-framework\src\traditional\proc\p18f25k20.asm
                     TOSH   0x000ffe       data     extern D:\3.43\pic18-lt\cxx-framework\src\traditional\proc\p18f25k20.asm
                     TOSU   0x000fff       data     extern D:\3.43\pic18-lt\cxx-framework\src\traditional\proc\p18f25k20.asm


